Random seed: 0x57bacf
-----------------------------------------------------------------
Starting tests in: MidiLearn / learn_manager_accepts_v2_panel_parameters_across_continuous_and_discrete_controls...
Completed tests in MidiLearn / learn_manager_accepts_v2_panel_parameters_across_continuous_and_discrete_controls
-----------------------------------------------------------------
Starting tests in: MidiLearn / learn_manager_rejects_note_events_without_mutating_bindings...
Completed tests in MidiLearn / learn_manager_rejects_note_events_without_mutating_bindings
-----------------------------------------------------------------
Starting tests in: MidiLearn / learn_manager_rejects_reserved_performance_ccs_without_mutating_bindings...
Completed tests in MidiLearn / learn_manager_rejects_reserved_performance_ccs_without_mutating_bindings
-----------------------------------------------------------------
Starting tests in: MidiLearn / learn_manager_replaces_existing_binding_by_parameter...
Completed tests in MidiLearn / learn_manager_replaces_existing_binding_by_parameter
-----------------------------------------------------------------
Starting tests in: MidiLearn / learn_manager_replaces_existing_binding_by_cc_signature...
Completed tests in MidiLearn / learn_manager_replaces_existing_binding_by_cc_signature
-----------------------------------------------------------------
Starting tests in: MidiLearn / settings_store_round_trips_learned_mapping_xml...
Completed tests in MidiLearn / settings_store_round_trips_learned_mapping_xml
-----------------------------------------------------------------
Starting tests in: MidiLearn / settings_store_drops_invalid_or_unknown_mapping_entries...
Completed tests in MidiLearn / settings_store_drops_invalid_or_unknown_mapping_entries
-----------------------------------------------------------------
Starting tests in: MidiLearn / controller_profile_registry_loads_builtin_minilab_profile...
Completed tests in MidiLearn / controller_profile_registry_loads_builtin_minilab_profile
-----------------------------------------------------------------
Starting tests in: MidiLearn / settings_store_round_trips_controller_profile_selection...
Completed tests in MidiLearn / settings_store_round_trips_controller_profile_selection
-----------------------------------------------------------------
Starting tests in: MidiLearn / settings_store_clears_all_standalone_midi_state...
Completed tests in MidiLearn / settings_store_clears_all_standalone_midi_state
-----------------------------------------------------------------
Starting tests in: MidiLearn / processor_applies_factory_profile_cc_mappings...
Completed tests in MidiLearn / processor_applies_factory_profile_cc_mappings
-----------------------------------------------------------------
Starting tests in: MidiLearn / learned_bindings_shadow_factory_profile_signatures...
Completed tests in MidiLearn / learned_bindings_shadow_factory_profile_signatures
-----------------------------------------------------------------
Starting tests in: MidiLearn / plugin_process_block_applies_learned_cc_mappings_via_async_handoff...
Completed tests in MidiLearn / plugin_process_block_applies_learned_cc_mappings_via_async_handoff
-----------------------------------------------------------------
Starting tests in: MidiLearn / plugin_controller_event_queue_survives_fifo_wraparound...
Completed tests in MidiLearn / plugin_controller_event_queue_survives_fifo_wraparound
-----------------------------------------------------------------
Starting tests in: MidiLearn / plugin_process_block_ignores_reserved_host_safety_cc_mappings...
Completed tests in MidiLearn / plugin_process_block_ignores_reserved_host_safety_cc_mappings
-----------------------------------------------------------------
Starting tests in: MidiLearn / plugin_process_block_treats_all_sound_off_as_immediate_engine_silence...
Completed tests in MidiLearn / plugin_process_block_treats_all_sound_off_as_immediate_engine_silence
-----------------------------------------------------------------
Starting tests in: MidiLearn / processor_reset_silences_allocator_path_and_clears_full_fx_rack...
Completed tests in MidiLearn / processor_reset_silences_allocator_path_and_clears_full_fx_rack
-----------------------------------------------------------------
Starting tests in: MidiLearn / processor_reports_tail_for_audible_delay_or_reverb_paths...
Completed tests in MidiLearn / processor_reports_tail_for_audible_delay_or_reverb_paths
-----------------------------------------------------------------
Starting tests in: MidiLearn / processor_process_block_routes_note_events_through_the_v2_allocator...
Completed tests in MidiLearn / processor_process_block_routes_note_events_through_the_v2_allocator
-----------------------------------------------------------------
Starting tests in: MidiLearn / plugin_state_round_trip_restores_learned_midi_bindings...
Completed tests in MidiLearn / plugin_state_round_trip_restores_learned_midi_bindings
-----------------------------------------------------------------
Starting tests in: PatchState / v2_parameter_layout_registers_every_expected_id_exactly_once...
Completed tests in PatchState / v2_parameter_layout_registers_every_expected_id_exactly_once
-----------------------------------------------------------------
Starting tests in: PatchState / init_patch_resets_all_automatable_parameters_to_defaults...
Completed tests in PatchState / init_patch_resets_all_automatable_parameters_to_defaults
-----------------------------------------------------------------
Starting tests in: PatchState / patch_round_trip_restores_parameter_values_in_fresh_processor...
Completed tests in PatchState / patch_round_trip_restores_parameter_values_in_fresh_processor
-----------------------------------------------------------------
Starting tests in: PatchState / patch_wrapper_contains_expected_root_and_single_apvts_child...
Completed tests in PatchState / patch_wrapper_contains_expected_root_and_single_apvts_child
-----------------------------------------------------------------
Starting tests in: PatchState / patch_loader_rejects_wrong_root_or_missing_state_child...
Completed tests in PatchState / patch_loader_rejects_wrong_root_or_missing_state_child
-----------------------------------------------------------------
Starting tests in: PatchState / patch_loader_rejects_legacy_version_and_wrong_state_type...
Completed tests in PatchState / patch_loader_rejects_legacy_version_and_wrong_state_type
-----------------------------------------------------------------
Starting tests in: PatchState / patch_xml_excludes_standalone_and_midi_learn_keys...
Completed tests in PatchState / patch_xml_excludes_standalone_and_midi_learn_keys
-----------------------------------------------------------------
Starting tests in: PatchState / patch_loader_sanitizes_extra_root_properties_and_unknown_children...
Completed tests in PatchState / patch_loader_sanitizes_extra_root_properties_and_unknown_children
-----------------------------------------------------------------
Starting tests in: PatchState / patch_loader_rejects_duplicate_parameter_ids...
Completed tests in PatchState / patch_loader_rejects_duplicate_parameter_ids
-----------------------------------------------------------------
Starting tests in: PatchState / patch_loader_rejects_incomplete_or_partial_overlap_parameter_state...
Completed tests in PatchState / patch_loader_rejects_incomplete_or_partial_overlap_parameter_state
-----------------------------------------------------------------
Starting tests in: PatchState / patch_file_write_and_read_round_trip_succeeds...
Completed tests in PatchState / patch_file_write_and_read_round_trip_succeeds
-----------------------------------------------------------------
Starting tests in: PatchState / processor_state_loader_rejects_unwrapped_or_legacy_wrapped_state...
Completed tests in PatchState / processor_state_loader_rejects_unwrapped_or_legacy_wrapped_state
-----------------------------------------------------------------
Starting tests in: StandaloneMidiInput / selected_device_disconnect_reports_disconnected_and_clears_transient_input_state...
Completed tests in StandaloneMidiInput / selected_device_disconnect_reports_disconnected_and_clears_transient_input_state
-----------------------------------------------------------------
Starting tests in: DspRegression / voice_filter_stays_finite_at_supported_sample_rates_under_extreme_resonance...
Completed tests in DspRegression / voice_filter_stays_finite_at_supported_sample_rates_under_extreme_resonance
-----------------------------------------------------------------
Starting tests in: DspRegression / voice_filter_cutoff_and_resonance_jumps_stay_finite_and_bounded...
Completed tests in DspRegression / voice_filter_cutoff_and_resonance_jumps_stay_finite_and_bounded
-----------------------------------------------------------------
Starting tests in: DspRegression / global_delay_time_jumps_remain_finite_and_bounded...
Completed tests in DspRegression / global_delay_time_jumps_remain_finite_and_bounded
-----------------------------------------------------------------
Starting tests in: DspRegression / master_gain_jumps_remain_finite_and_bounded...
Completed tests in DspRegression / master_gain_jumps_remain_finite_and_bounded
-----------------------------------------------------------------
Starting tests in: DspRegression / v2_fx_rack_zero_mix_preserves_the_dry_path...
Completed tests in DspRegression / v2_fx_rack_zero_mix_preserves_the_dry_path
-----------------------------------------------------------------
Starting tests in: DspRegression / v2_fx_rack_extreme_settings_remain_finite_and_bounded...
Completed tests in DspRegression / v2_fx_rack_extreme_settings_remain_finite_and_bounded
-----------------------------------------------------------------
Starting tests in: DspRegression / disabling_time_based_v2_fx_clears_existing_tails...
!!! Test 2 failed

FAILED!!  1 test failed, out of a total of 2

-----------------------------------------------------------------
Starting tests in: V2Allocator / sample_offset_note_events_render_only_after_their_offset...
Completed tests in V2Allocator / sample_offset_note_events_render_only_after_their_offset
-----------------------------------------------------------------
Starting tests in: V2Allocator / sustain_holds_released_notes_until_pedal_up...
Completed tests in V2Allocator / sustain_holds_released_notes_until_pedal_up
-----------------------------------------------------------------
Starting tests in: V2Allocator / voice_stealing_prefers_released_voices_before_held_voices...
Completed tests in V2Allocator / voice_stealing_prefers_released_voices_before_held_voices
-----------------------------------------------------------------
Starting tests in: V2Allocator / voice_stealing_falls_back_to_oldest_held_voice_when_none_are_released...
Completed tests in V2Allocator / voice_stealing_falls_back_to_oldest_held_voice_when_none_are_released
-----------------------------------------------------------------
Starting tests in: V2Allocator / panic_clears_all_active_voices_immediately...
Completed tests in V2Allocator / panic_clears_all_active_voices_immediately
-----------------------------------------------------------------
Starting tests in: V2Allocator / all_notes_off_releases_active_and_sustained_voices...
Completed tests in V2Allocator / all_notes_off_releases_active_and_sustained_voices
-----------------------------------------------------------------
Starting tests in: V2Allocator / reset_controllers_releases_sustained_voices...
Completed tests in V2Allocator / reset_controllers_releases_sustained_voices
-----------------------------------------------------------------
Starting tests in: V2Allocator / pulse_width_extremes_remain_audible_and_bounded...
Completed tests in V2Allocator / pulse_width_extremes_remain_audible_and_bounded
-----------------------------------------------------------------
Starting tests in: V2Allocator / sine_wave_shape_renders_audibly_and_stays_bounded...
Completed tests in V2Allocator / sine_wave_shape_renders_audibly_and_stays_bounded
-----------------------------------------------------------------
Starting tests in: V2Allocator / oscillator_sync_changes_rendered_output_without_destabilizing_the_voice...
Completed tests in V2Allocator / oscillator_sync_changes_rendered_output_without_destabilizing_the_voice
-----------------------------------------------------------------
Starting tests in: V2Allocator / oscillator_detune_changes_the_dual_oscillator_render...
Completed tests in V2Allocator / oscillator_detune_changes_the_dual_oscillator_render
-----------------------------------------------------------------
Starting tests in: V2Allocator / dense_simultaneous_note_ons_do_not_produce_an_oversized_start_click...
Completed tests in V2Allocator / dense_simultaneous_note_ons_do_not_produce_an_oversized_start_click
-----------------------------------------------------------------
Starting tests in: V2Allocator / full_mixer_overload_path_stays_finite_and_bounded...
Completed tests in V2Allocator / full_mixer_overload_path_stays_finite_and_bounded
-----------------------------------------------------------------
Starting tests in: V2Performance / pitch_bend_range_changes_rendered_pitch_content...
Completed tests in V2Performance / pitch_bend_range_changes_rendered_pitch_content
-----------------------------------------------------------------
Starting tests in: V2Performance / mono_play_mode_keeps_only_one_active_voice...
Completed tests in V2Performance / mono_play_mode_keeps_only_one_active_voice
-----------------------------------------------------------------
Starting tests in: V2Performance / mono_key_priority_low_falls_back_to_lowest_held_note...
Completed tests in V2Performance / mono_key_priority_low_falls_back_to_lowest_held_note
-----------------------------------------------------------------
Starting tests in: V2Performance / unison_play_mode_stacks_all_voices_on_one_note...
Completed tests in V2Performance / unison_play_mode_stacks_all_voices_on_one_note
-----------------------------------------------------------------
Starting tests in: V2Performance / glide_produces_intermediate_pitch_content_in_mono_mode...
Completed tests in V2Performance / glide_produces_intermediate_pitch_content_in_mono_mode
-----------------------------------------------------------------
Starting tests in: V2Performance / vintage_drift_stays_within_bounded_cents_range...
Completed tests in V2Performance / vintage_drift_stays_within_bounded_cents_range
-----------------------------------------------------------------
Starting tests in: V2Performance / mod_wheel_changes_rendered_lfo_modulation...
Completed tests in V2Performance / mod_wheel_changes_rendered_lfo_modulation
-----------------------------------------------------------------
Starting tests in: V2Performance / lfo_sine_wave_shape_renders_audibly_and_stays_bounded...
Completed tests in V2Performance / lfo_sine_wave_shape_renders_audibly_and_stays_bounded
-----------------------------------------------------------------
Starting tests in: V2VoiceSources / noise_only_voice_renders_audible_output...
Completed tests in V2VoiceSources / noise_only_voice_renders_audible_output
-----------------------------------------------------------------
Starting tests in: V2VoiceSources / muting_all_sources_renders_silence...
Completed tests in V2VoiceSources / muting_all_sources_renders_silence
-----------------------------------------------------------------
Starting tests in: V2VoiceSources / oscillator_a_octave_shift_changes_rendered_output...
Completed tests in V2VoiceSources / oscillator_a_octave_shift_changes_rendered_output
-----------------------------------------------------------------
Starting tests in: V2VoiceSources / oscillator_b_low_frequency_mode_changes_rendered_output...
Completed tests in V2VoiceSources / oscillator_b_low_frequency_mode_changes_rendered_output
-----------------------------------------------------------------
Starting tests in: V2FilterAndEnvelope / filter_cutoff_low_attenuates_more_than_high_for_a_high_note...
Completed tests in V2FilterAndEnvelope / filter_cutoff_low_attenuates_more_than_high_for_a_high_note
-----------------------------------------------------------------
Starting tests in: V2FilterAndEnvelope / filter_keyboard_tracking_full_lets_more_signal_through_high_notes...
Completed tests in V2FilterAndEnvelope / filter_keyboard_tracking_full_lets_more_signal_through_high_notes
-----------------------------------------------------------------
Starting tests in: V2FilterAndEnvelope / filter_envelope_amount_creates_audible_sweep...
Completed tests in V2FilterAndEnvelope / filter_envelope_amount_creates_audible_sweep
-----------------------------------------------------------------
Starting tests in: V2FilterAndEnvelope / stolen_voice_amp_envelope_restarts_from_attack...
Completed tests in V2FilterAndEnvelope / stolen_voice_amp_envelope_restarts_from_attack
-----------------------------------------------------------------
Starting tests in: V2PolyphonyHeadroom / eight_voice_full_load_with_unity_master_stays_within_clip_margin...
Completed tests in V2PolyphonyHeadroom / eight_voice_full_load_with_unity_master_stays_within_clip_margin
-----------------------------------------------------------------
Starting tests in: V2Arpeggiator / arp_disabled_passes_through_to_allocator_unchanged...
Completed tests in V2Arpeggiator / arp_disabled_passes_through_to_allocator_unchanged
-----------------------------------------------------------------
Starting tests in: V2Arpeggiator / pattern_up_walks_held_notes_in_ascending_order_with_octave_range_one...
Completed tests in V2Arpeggiator / pattern_up_walks_held_notes_in_ascending_order_with_octave_range_one
-----------------------------------------------------------------
Starting tests in: V2Arpeggiator / pattern_down_walks_held_notes_in_descending_order...
Completed tests in V2Arpeggiator / pattern_down_walks_held_notes_in_descending_order
-----------------------------------------------------------------
Starting tests in: V2Arpeggiator / pattern_up_down_reflects_without_repeating_endpoints...
Completed tests in V2Arpeggiator / pattern_up_down_reflects_without_repeating_endpoints
-----------------------------------------------------------------
Starting tests in: V2Arpeggiator / pattern_as_played_follows_held_note_insertion_order...
Completed tests in V2Arpeggiator / pattern_as_played_follows_held_note_insertion_order
-----------------------------------------------------------------
Starting tests in: V2Arpeggiator / octave_range_two_alternates_base_and_plus_twelve...
Completed tests in V2Arpeggiator / octave_range_two_alternates_base_and_plus_twelve
-----------------------------------------------------------------
Starting tests in: V2Arpeggiator / latch_keeps_pattern_alive_after_all_keys_released...
Completed tests in V2Arpeggiator / latch_keeps_pattern_alive_after_all_keys_released
-----------------------------------------------------------------
Starting tests in: V2Arpeggiator / latch_reset_on_first_note_after_clear...
Completed tests in V2Arpeggiator / latch_reset_on_first_note_after_clear
-----------------------------------------------------------------
Starting tests in: V2Arpeggiator / gate_length_short_releases_within_step_window...
Completed tests in V2Arpeggiator / gate_length_short_releases_within_step_window
-----------------------------------------------------------------
Starting tests in: V2Arpeggiator / gate_length_long_carries_release_across_block...
Completed tests in V2Arpeggiator / gate_length_long_carries_release_across_block
-----------------------------------------------------------------
Starting tests in: V2Arpeggiator / internal_rate_falls_back_when_host_tempo_missing...
Completed tests in V2Arpeggiator / internal_rate_falls_back_when_host_tempo_missing
-----------------------------------------------------------------
Starting tests in: V2Arpeggiator / host_sync_aligns_first_step_to_ppq_grid...
Completed tests in V2Arpeggiator / host_sync_aligns_first_step_to_ppq_grid
-----------------------------------------------------------------
Starting tests in: V2Arpeggiator / host_transport_stop_releases_currently_ringing_arp_note...
Completed tests in V2Arpeggiator / host_transport_stop_releases_currently_ringing_arp_note
-----------------------------------------------------------------
Starting tests in: V2Arpeggiator / arp_disable_mid_play_releases_ringing_note...
Completed tests in V2Arpeggiator / arp_disable_mid_play_releases_ringing_note
-----------------------------------------------------------------
Starting tests in: V2Arpeggiator / panic_clears_held_latched_and_ringing_arp_state...
Completed tests in V2Arpeggiator / panic_clears_held_latched_and_ringing_arp_state
-----------------------------------------------------------------
Starting tests in: V2ScopeFifo / scope_fifo_basic_round_trip...
Completed tests in V2ScopeFifo / scope_fifo_basic_round_trip
-----------------------------------------------------------------
Starting tests in: V2ScopeFifo / scope_fifo_overflow_does_not_crash_and_drops_gracefully...
Completed tests in V2ScopeFifo / scope_fifo_overflow_does_not_crash_and_drops_gracefully
-----------------------------------------------------------------
Starting tests in: V2ScopeFifo / scope_fifo_clear_resets_to_empty...
Completed tests in V2ScopeFifo / scope_fifo_clear_resets_to_empty
-----------------------------------------------------------------
Starting tests in: V2AudioQuality / cutoff_mod_clamp_finite...
Completed tests in V2AudioQuality / cutoff_mod_clamp_finite
-----------------------------------------------------------------
Starting tests in: V2AudioQuality / filter_stability_q25...
Completed tests in V2AudioQuality / filter_stability_q25
-----------------------------------------------------------------
Starting tests in: V2AudioQuality / filter_loudness_vs_Q...
Completed tests in V2AudioQuality / filter_loudness_vs_Q
-----------------------------------------------------------------
Starting tests in: V2AudioQuality / unison_vintage_zero_produces_valid_audio...
Completed tests in V2AudioQuality / unison_vintage_zero_produces_valid_audio
-----------------------------------------------------------------
Starting tests in: V2AudioQuality / aliasing_A4_saw...
Completed tests in V2AudioQuality / aliasing_A4_saw
-----------------------------------------------------------------
Starting tests in: V2AudioQuality / aliasing_A7_saw...
Completed tests in V2AudioQuality / aliasing_A7_saw
-----------------------------------------------------------------
Starting tests in: V2AudioQuality / triangle_no_dc...
Completed tests in V2AudioQuality / triangle_no_dc
-----------------------------------------------------------------
Starting tests in: V2AudioQuality / hard_sync_alias_bounded...
Completed tests in V2AudioQuality / hard_sync_alias_bounded
-----------------------------------------------------------------
Starting tests in: V2AudioQuality / polyphony_loudness_consistency...
Completed tests in V2AudioQuality / polyphony_loudness_consistency
